
> ta-giang-ecolog@0.1.0 build
> next build

  Γû▓ Next.js 14.2.5
  - Environments: .env.local

   Creating an optimized production build ...
 Γ£ô Compiled successfully
   Linting and checking validity of types ...
   Collecting page data ...
   Generating static pages (0/18) ...
   Generating static pages (4/18) 
   Generating static pages (8/18) 
   Generating static pages (13/18) 
 Γ£ô Generating static pages (18/18)
   Finalizing page optimization ...
   Collecting build traces ...

Route (app)                              Size     First Load JS
Γöî Γùï /                                    6.6 kB          119 kB
Γö£ Γùï /_not-found                          871 B            88 kB
Γö£ Γùï /admin                               2.18 kB         104 kB
Γö£ Γùï /admin/blog                          6.31 kB         165 kB
Γö£ Γùï /admin/blog/agent                    5.19 kB         151 kB
Γö£ Γùï /admin/bookings                      3.83 kB         142 kB
Γö£ Γùï /admin/gallery                       4.08 kB         105 kB
Γö£ Γùï /admin/landing                       8.86 kB         104 kB
Γö£ Γùï /admin/login                         2.72 kB        89.8 kB
Γö£ Γùï /admin/rooms                         4.49 kB         105 kB
Γö£ Γùï /admin/settings                      2.53 kB        97.7 kB
Γö£ ╞Æ /api/auth/login                      0 B                0 B
Γö£ ╞Æ /api/auth/logout                     0 B                0 B
Γö£ ╞Æ /api/blog-agent                      0 B                0 B
Γö£ ╞Æ /api/booking                         0 B                0 B
Γö£ Γùï /blog                                2.87 kB         167 kB
Γöö ╞Æ /blog/[slug]                         2.93 kB         167 kB
+ First Load JS shared by all            87.1 kB
  Γö£ chunks/23-4abb6723324384fd.js        31.5 kB
  Γö£ chunks/fd9d1056-f70a155ab7dd2ac0.js  53.6 kB
  Γöö other shared chunks (total)          1.95 kB


╞Æ Middleware                             27.3 kB

Γùï  (Static)   prerendered as static content
╞Æ  (Dynamic)  server-rendered on demand

